Archive member included because of file (symbol)

../lib/\libc.a(memset.o)      ../obj/rpi_startup.o (memset)

Discarded input sections

 .ARM.attributes
                0x00000000       0x14 ../obj/bootstrap.o
 .comment       0x00000000       0x71 ../obj/main.o
 .ARM.attributes
                0x00000000       0x35 ../obj/main.o
 .comment       0x00000000       0x71 ../obj/rpi_startup.o
 .ARM.attributes
                0x00000000       0x35 ../obj/rpi_startup.o
 .comment       0x00000000       0x71 ../lib/\libc.a(memset.o)
 .ARM.attributes
                0x00000000       0x35 ../lib/\libc.a(memset.o)

Memory Configuration

Name             Origin             Length             Attributes
*default*        0x00000000         0xffffffff

Linker script and memory map

                0x00008000                . = 0x8000

.init           0x00008000        0xc
 *(.init)
 .init          0x00008000        0xc ../obj/bootstrap.o
                0x00008000                _start

.data           0x0000800c        0x0
 *(.data)
 .data          0x0000800c        0x0 ../obj/bootstrap.o
 .data          0x0000800c        0x0 ../obj/main.o
 .data          0x0000800c        0x0 ../obj/rpi_startup.o
 .data          0x0000800c        0x0 ../lib/\libc.a(memset.o)

.text           0x0000800c       0xe4
 *(.text.* .text)
 .text          0x0000800c        0x0 ../obj/bootstrap.o
 .text          0x0000800c        0x0 ../obj/main.o
 .text.startup  0x0000800c       0x88 ../obj/main.o
                0x0000800c                main
 .text          0x00008094       0x3c ../obj/rpi_startup.o
                0x00008094                _rpi_startup
 .text          0x000080d0       0x20 ../lib/\libc.a(memset.o)
                0x000080d0                memset
                0x000080f0                __bss_start = .

.bss            0x000080f0        0x0
 *(.bss)
 .bss           0x000080f0        0x0 ../obj/bootstrap.o
 .bss           0x000080f0        0x0 ../obj/main.o
 .bss           0x000080f0        0x0 ../obj/rpi_startup.o
 .bss           0x000080f0        0x0 ../lib/\libc.a(memset.o)
                0x00009000                . = ALIGN (0x1000)
                0x00009000                __bss_end = .

/DISCARD/
 *(*)
LOAD ../obj/bootstrap.o
LOAD ../obj/main.o
LOAD ../obj/rpi_startup.o
LOAD ../lib/\libc.a
OUTPUT(../obj/output.elf elf32-littlearm)
