Archive member included because of file (symbol)

../lib/\libpanos.a(gpio.o)    ../obj/main.o (panos_pin_function)
../lib/\libpanos.a(screen.o)  ../obj/main.o (panos_screen_initialize)
../lib/\libpanos.a(timer.o)   ../obj/main.o (panos_wait_us)

Discarded input sections

 .ARM.attributes
                0x00000000       0x14 ../obj/bootstrap.o
 .comment       0x00000000       0x71 ../obj/main.o
 .ARM.attributes
                0x00000000       0x35 ../obj/main.o
 .comment       0x00000000       0x71 ../obj/rpi_startup.o
 .ARM.attributes
                0x00000000       0x35 ../obj/rpi_startup.o
 .comment       0x00000000       0x71 ../lib/\libpanos.a(gpio.o)
 .ARM.attributes
                0x00000000       0x35 ../lib/\libpanos.a(gpio.o)
 .comment       0x00000000       0x71 ../lib/\libpanos.a(screen.o)
 .ARM.attributes
                0x00000000       0x35 ../lib/\libpanos.a(screen.o)
 .comment       0x00000000       0x71 ../lib/\libpanos.a(timer.o)
 .ARM.attributes
                0x00000000       0x35 ../lib/\libpanos.a(timer.o)

Memory Configuration

Name             Origin             Length             Attributes
*default*        0x00000000         0xffffffff

Linker script and memory map

                0x00008000                . = 0x8000

.init           0x00008000        0xc
 *(.init)
 .init          0x00008000        0xc ../obj/bootstrap.o
                0x00008000                _start

.data           0x0000800c        0x0
 *(.data)
 .data          0x0000800c        0x0 ../obj/bootstrap.o
 .data          0x0000800c        0x0 ../obj/main.o
 .data          0x0000800c        0x0 ../obj/rpi_startup.o
 .data          0x0000800c        0x0 ../lib/\libpanos.a(gpio.o)
 .data          0x0000800c        0x0 ../lib/\libpanos.a(screen.o)
 .data          0x0000800c        0x0 ../lib/\libpanos.a(timer.o)

.text           0x0000800c      0x2a0
 *(.text.* .text)
 .text          0x0000800c        0x0 ../obj/bootstrap.o
 .text          0x0000800c      0x10c ../obj/main.o
                0x0000800c                main
 .text          0x00008118       0x3c ../obj/rpi_startup.o
                0x00008118                _rpi_startup
 .text          0x00008154       0x84 ../lib/\libpanos.a(gpio.o)
                0x00008154                panos_pin_function
                0x00008198                panos_pin_set
                0x000081b8                panos_pin_clear
 .text          0x000081d8       0xa4 ../lib/\libpanos.a(screen.o)
                0x000081d8                panos_screen_initialize
                0x0000826c                panos_screen_framebuffer
 .text          0x0000827c       0x30 ../lib/\libpanos.a(timer.o)
                0x0000827c                panos_wait_us
                0x000082ac                __bss_start = .

.bss            0x000082b0       0x30
 *(.bss)
 .bss           0x000082b0        0x0 ../obj/bootstrap.o
 .bss           0x000082b0        0x0 ../obj/main.o
 .bss           0x000082b0        0x0 ../obj/rpi_startup.o
 .bss           0x000082b0        0x0 ../lib/\libpanos.a(gpio.o)
 .bss           0x000082b0       0x30 ../lib/\libpanos.a(screen.o)
 .bss           0x000082e0        0x0 ../lib/\libpanos.a(timer.o)
                0x00009000                . = ALIGN (0x1000)
                0x00009000                __bss_end = .

/DISCARD/
 *(*)
LOAD ../obj/bootstrap.o
LOAD ../obj/main.o
LOAD ../obj/rpi_startup.o
LOAD ../lib/\libpanos.a
OUTPUT(../obj/output.elf elf32-littlearm)
