Archive member included because of file (symbol)

C:\Program Files (x86)\GNU Tools ARM Embedded\4.9 2014q4\lib\gcc\arm-none-eabi\4.9.3\fpu\libgcc.a(_divsi3.o)
                              obj/uart.o (__aeabi_idiv)
C:\Program Files (x86)\GNU Tools ARM Embedded\4.9 2014q4\lib\gcc\arm-none-eabi\4.9.3\fpu\libgcc.a(_dvmd_tls.o)
                              C:\Program Files (x86)\GNU Tools ARM Embedded\4.9 2014q4\lib\gcc\arm-none-eabi\4.9.3\fpu\libgcc.a(_divsi3.o) (__aeabi_idiv0)
C:\Program Files (x86)\GNU Tools ARM Embedded\4.9 2014q4\arm-none-eabi\lib\fpu\libc.a(lib_a-memset.o)
                              obj/rpi_startup.o (memset)

Discarded input sections

 .comment       0x00000000       0x71 obj/main.o
 .ARM.attributes
                0x00000000       0x35 obj/main.o
 .comment       0x00000000       0x71 obj/rpi_startup.o
 .ARM.attributes
                0x00000000       0x35 obj/rpi_startup.o
 .ARM.attributes
                0x00000000       0x14 obj/bootstrap.o
 .comment       0x00000000       0x71 obj/gpio.o
 .ARM.attributes
                0x00000000       0x35 obj/gpio.o
 .comment       0x00000000       0x71 obj/screen.o
 .ARM.attributes
                0x00000000       0x35 obj/screen.o
 .comment       0x00000000       0x71 obj/timer.o
 .ARM.attributes
                0x00000000       0x35 obj/timer.o
 .comment       0x00000000       0x71 obj/uart.o
 .ARM.attributes
                0x00000000       0x35 obj/uart.o
 .debug_frame   0x00000000       0x20 C:\Program Files (x86)\GNU Tools ARM Embedded\4.9 2014q4\lib\gcc\arm-none-eabi\4.9.3\fpu\libgcc.a(_divsi3.o)
 .ARM.attributes
                0x00000000       0x18 C:\Program Files (x86)\GNU Tools ARM Embedded\4.9 2014q4\lib\gcc\arm-none-eabi\4.9.3\fpu\libgcc.a(_divsi3.o)
 .ARM.attributes
                0x00000000       0x18 C:\Program Files (x86)\GNU Tools ARM Embedded\4.9 2014q4\lib\gcc\arm-none-eabi\4.9.3\fpu\libgcc.a(_dvmd_tls.o)
 .debug_frame   0x00000000       0x30 C:\Program Files (x86)\GNU Tools ARM Embedded\4.9 2014q4\arm-none-eabi\lib\fpu\libc.a(lib_a-memset.o)
 .ARM.attributes
                0x00000000       0x36 C:\Program Files (x86)\GNU Tools ARM Embedded\4.9 2014q4\arm-none-eabi\lib\fpu\libc.a(lib_a-memset.o)

Memory Configuration

Name             Origin             Length             Attributes
*default*        0x00000000         0xffffffff

Linker script and memory map

                0x00008000                . = 0x8000

.init           0x00008000        0xc
 *(.init)
 .init          0x00008000        0xc obj/bootstrap.o
                0x00008000                _start

.rodata         0x0000800c       0x10
 *(.rodata .rodata.*)
 .rodata.str1.4
                0x0000800c       0x10 obj/main.o

.data           0x0000801c        0x0
 *(.data)
 .data          0x0000801c        0x0 obj/main.o
 .data          0x0000801c        0x0 obj/rpi_startup.o
 .data          0x0000801c        0x0 obj/bootstrap.o
 .data          0x0000801c        0x0 obj/gpio.o
 .data          0x0000801c        0x0 obj/screen.o
 .data          0x0000801c        0x0 obj/timer.o
 .data          0x0000801c        0x0 obj/uart.o
 .data          0x0000801c        0x0 C:\Program Files (x86)\GNU Tools ARM Embedded\4.9 2014q4\lib\gcc\arm-none-eabi\4.9.3\fpu\libgcc.a(_divsi3.o)
 .data          0x0000801c        0x0 C:\Program Files (x86)\GNU Tools ARM Embedded\4.9 2014q4\lib\gcc\arm-none-eabi\4.9.3\fpu\libgcc.a(_dvmd_tls.o)
 .data          0x0000801c        0x0 C:\Program Files (x86)\GNU Tools ARM Embedded\4.9 2014q4\arm-none-eabi\lib\fpu\libc.a(lib_a-memset.o)

.text           0x0000801c      0x6fc
 *(.text.* .text)
 .text          0x0000801c        0x0 obj/main.o
 .text.startup  0x0000801c       0xc4 obj/main.o
                0x0000801c                main
 .text          0x000080e0       0x3c obj/rpi_startup.o
                0x000080e0                _rpi_startup
 .text          0x0000811c        0x0 obj/bootstrap.o
 .text          0x0000811c       0x8c obj/gpio.o
                0x0000811c                panos_pin_function
                0x00008160                panos_pin_set
                0x00008184                panos_pin_clear
 .text          0x000081a8       0xb4 obj/screen.o
                0x000081a8                panos_screen_initialize
                0x0000824c                panos_screen_framebuffer
 .text          0x0000825c       0x5c obj/timer.o
                0x0000825c                panos_wait_us
                0x00008290                panos_wait_till
                0x000082a8                panos_now
 .text          0x000082b8      0x220 obj/uart.o
                0x000082b8                panos_uart_init
                0x000082d4                panos_uart_char
                0x00008348                panos_uart_string
                0x000083d4                panos_uart_int
 .text          0x000084d8      0x148 C:\Program Files (x86)\GNU Tools ARM Embedded\4.9 2014q4\lib\gcc\arm-none-eabi\4.9.3\fpu\libgcc.a(_divsi3.o)
                0x000084d8                __divsi3
                0x000084d8                __aeabi_idiv
                0x00008600                __aeabi_idivmod
 .text          0x00008620        0x4 C:\Program Files (x86)\GNU Tools ARM Embedded\4.9 2014q4\lib\gcc\arm-none-eabi\4.9.3\fpu\libgcc.a(_dvmd_tls.o)
                0x00008620                __aeabi_idiv0
                0x00008620                __aeabi_ldiv0
 .text          0x00008624        0x0 C:\Program Files (x86)\GNU Tools ARM Embedded\4.9 2014q4\arm-none-eabi\lib\fpu\libc.a(lib_a-memset.o)
 .text.memset   0x00008624       0xf4 C:\Program Files (x86)\GNU Tools ARM Embedded\4.9 2014q4\arm-none-eabi\lib\fpu\libc.a(lib_a-memset.o)
                0x00008624                memset
                0x00008718                __bss_start = .

.bss            0x00008720       0x30
 *(.bss)
 .bss           0x00008720        0x0 obj/main.o
 .bss           0x00008720        0x0 obj/rpi_startup.o
 .bss           0x00008720        0x0 obj/bootstrap.o
 .bss           0x00008720        0x0 obj/gpio.o
 .bss           0x00008720       0x30 obj/screen.o
 .bss           0x00008750        0x0 obj/timer.o
 .bss           0x00008750        0x0 obj/uart.o
 .bss           0x00008750        0x0 C:\Program Files (x86)\GNU Tools ARM Embedded\4.9 2014q4\lib\gcc\arm-none-eabi\4.9.3\fpu\libgcc.a(_divsi3.o)
 .bss           0x00008750        0x0 C:\Program Files (x86)\GNU Tools ARM Embedded\4.9 2014q4\lib\gcc\arm-none-eabi\4.9.3\fpu\libgcc.a(_dvmd_tls.o)
 .bss           0x00008750        0x0 C:\Program Files (x86)\GNU Tools ARM Embedded\4.9 2014q4\arm-none-eabi\lib\fpu\libc.a(lib_a-memset.o)
                0x00009000                . = ALIGN (0x1000)
                0x00009000                __bss_end = .

/DISCARD/
 *(*)
LOAD obj/main.o
LOAD obj/rpi_startup.o
LOAD obj/bootstrap.o
LOAD obj/gpio.o
LOAD obj/screen.o
LOAD obj/timer.o
LOAD obj/uart.o
LOAD C:\Program Files (x86)\GNU Tools ARM Embedded\4.9 2014q4\lib\gcc\arm-none-eabi\4.9.3\fpu\libgcc.a
LOAD C:\Program Files (x86)\GNU Tools ARM Embedded\4.9 2014q4\arm-none-eabi\lib\fpu\libc.a
OUTPUT(obj/output.elf elf32-littlearm)
